// Jest Snapshot v1, https://goo.gl/fbAQLP

exports[`Simple Address Form renders correctly 1`] = `
<div
  className=""
>
  <form>
    <h2>
      Simple Address Form
    </h2>
    <div
      className="wvus-field-fname wvus-field-50 form-group has-icon "
      data-field-container="fname"
      data-field-is-valid={false}
    >
      <label
        htmlFor="fname"
      >
        First Name
         
        <sup>
          *
        </sup>
      </label>
      <div
        className="form-control-wrapper"
      >
        <input
          className="form-control"
          id="fname"
          name="fname"
          onBlur={[Function]}
          onChange={[Function]}
          placeholder={undefined}
          type="text"
          value=""
        />
        
        
        
      </div>
    </div>
    <div
      className="wvus-field-lname wvus-field- wvus-field--end form-group has-icon "
      data-field-container="lname"
      data-field-is-valid={false}
    >
      <label
        htmlFor="lname"
      >
        Last Name
         
        <sup>
          *
        </sup>
      </label>
      <div
        className="form-control-wrapper"
      >
        <input
          className="form-control"
          id="lname"
          name="lname"
          onBlur={[Function]}
          onChange={[Function]}
          placeholder={undefined}
          type="text"
          value=""
        />
        
        
        
      </div>
    </div>
    <div
      className="wvus-field-address1  form-group has-icon "
      data-field-container="address1"
      data-field-is-valid={false}
    >
      <label
        htmlFor="address1"
      >
        Mailing Address
         
        <sup>
          *
        </sup>
      </label>
      <div
        className="form-control-wrapper"
      >
        <input
          className="form-control"
          id="address1"
          name="address1"
          onBlur={[Function]}
          onChange={[Function]}
          placeholder={undefined}
          type="text"
          value=""
        />
        
        
        
      </div>
    </div>
    <div
      className="wvus-field-city wvus-field-33 form-group has-icon "
      data-field-container="city"
      data-field-is-valid={false}
    >
      <label
        htmlFor="city"
      >
        City
         
        <sup>
          *
        </sup>
      </label>
      <div
        className="form-control-wrapper"
      >
        <input
          className="form-control"
          id="city"
          name="city"
          onBlur={[Function]}
          onChange={[Function]}
          placeholder={undefined}
          type="text"
          value=""
        />
        
        
        
      </div>
    </div>
    <div
      className="wvus-field-state wvus-field-33 form-group has-icon "
    >
      <label
        className={undefined}
        htmlFor="state"
      >
        State
         
        <sup>
          *
        </sup>
      </label>
      <div
        className="form-control-wrapper"
      >
        <select
          className="form-control select-control"
          id="state"
          name="state"
          onBlur={[Function]}
          onChange={[Function]}
          value=""
        >
          <option
            value=""
          >
            â–¾ Select a state
          </option>
          <option
            value="AL"
          >
            Alabama
          </option>
          <option
            value="AK"
          >
            Alaska
          </option>
          <option
            value="AS"
          >
            American Samoa
          </option>
          <option
            value="AZ"
          >
            Arizona
          </option>
          <option
            value="AR"
          >
            Arkansas
          </option>
          <option
            value="AF"
          >
            Armed Forces Africa
          </option>
          <option
            value="AA"
          >
            Armed Forces Americas
          </option>
          <option
            value="AC"
          >
            Armed Forces Canada
          </option>
          <option
            value="AE"
          >
            Armed Forces Europe
          </option>
          <option
            value="AM"
          >
            Armed Forces Middle East
          </option>
          <option
            value="AP"
          >
            Armed Forces Pacific
          </option>
          <option
            value="CA"
          >
            California
          </option>
          <option
            value="CO"
          >
            Colorado
          </option>
          <option
            value="CT"
          >
            Connecticut
          </option>
          <option
            value="DE"
          >
            Delaware
          </option>
          <option
            value="DC"
          >
            District Of Columbia
          </option>
          <option
            value="FM"
          >
            Federated States Of Micronesia
          </option>
          <option
            value="FL"
          >
            Florida
          </option>
          <option
            value="GA"
          >
            Georgia
          </option>
          <option
            value="GU"
          >
            Guam
          </option>
          <option
            value="HI"
          >
            Hawaii
          </option>
          <option
            value="ID"
          >
            Idaho
          </option>
          <option
            value="IL"
          >
            Illinois
          </option>
          <option
            value="IN"
          >
            Indiana
          </option>
          <option
            value="IA"
          >
            Iowa
          </option>
          <option
            value="KS"
          >
            Kansas
          </option>
          <option
            value="KY"
          >
            Kentucky
          </option>
          <option
            value="LA"
          >
            Louisiana
          </option>
          <option
            value="ME"
          >
            Maine
          </option>
          <option
            value="MH"
          >
            Marshall Islands
          </option>
          <option
            value="MD"
          >
            Maryland
          </option>
          <option
            value="MA"
          >
            Massachusetts
          </option>
          <option
            value="MI"
          >
            Michigan
          </option>
          <option
            value="MN"
          >
            Minnesota
          </option>
          <option
            value="MS"
          >
            Mississippi
          </option>
          <option
            value="MO"
          >
            Missouri
          </option>
          <option
            value="MT"
          >
            Montana
          </option>
          <option
            value="NE"
          >
            Nebraska
          </option>
          <option
            value="NV"
          >
            Nevada
          </option>
          <option
            value="NH"
          >
            New Hampshire
          </option>
          <option
            value="NJ"
          >
            New Jersey
          </option>
          <option
            value="NM"
          >
            New Mexico
          </option>
          <option
            value="NY"
          >
            New York
          </option>
          <option
            value="NC"
          >
            North Carolina
          </option>
          <option
            value="ND"
          >
            North Dakota
          </option>
          <option
            value="MP"
          >
            Northern Mariana Islands
          </option>
          <option
            value="OH"
          >
            Ohio
          </option>
          <option
            value="OK"
          >
            Oklahoma
          </option>
          <option
            value="OR"
          >
            Oregon
          </option>
          <option
            value="PW"
          >
            Palau
          </option>
          <option
            value="PA"
          >
            Pennsylvania
          </option>
          <option
            value="PR"
          >
            Puerto Rico
          </option>
          <option
            value="RI"
          >
            Rhode Island
          </option>
          <option
            value="SC"
          >
            South Carolina
          </option>
          <option
            value="SD"
          >
            South Dakota
          </option>
          <option
            value="TN"
          >
            Tennessee
          </option>
          <option
            value="TX"
          >
            Texas
          </option>
          <option
            value="UT"
          >
            Utah
          </option>
          <option
            value="VT"
          >
            Vermont
          </option>
          <option
            value="VI"
          >
            Virgin Islands
          </option>
          <option
            value="VA"
          >
            Virginia
          </option>
          <option
            value="WA"
          >
            Washington
          </option>
          <option
            value="WV"
          >
            West Virginia
          </option>
          <option
            value="WI"
          >
            Wisconsin
          </option>
          <option
            value="WY"
          >
            Wyoming
          </option>
        </select>
        
        
      </div>
    </div>
    <div
      className="wvus-field-zip wvus-field-33 wvus-field--end form-group has-icon "
      data-field-container="zip"
      data-field-is-valid={false}
    >
      <label
        htmlFor="zip"
      >
        Zip
         
        <sup>
          *
        </sup>
      </label>
      <div
        className="form-control-wrapper"
      >
        <input
          className="form-control"
          id="zip"
          name="zip"
          onBlur={[Function]}
          onChange={[Function]}
          placeholder={undefined}
          type="text"
          value=""
        />
        
        
        
      </div>
    </div>
  </form>
</div>
`;
